// Jest Snapshot v1, https://goo.gl/fbAQLP

exports[`TableSortableHeaderCell should indicate the ASC direction 1`] = `
.c0 {
  display: -webkit-inline-box;
  display: -webkit-inline-flex;
  display: -ms-inline-flexbox;
  display: inline-flex;
  -webkit-align-items: center;
  -webkit-box-align: center;
  -ms-flex-align: center;
  align-items: center;
}

.c1 {
  margin-right: 0.25rem;
}

.c2 {
  -webkit-flex-shrink: 0;
  -ms-flex-negative: 0;
  flex-shrink: 0;
  display: -webkit-inline-box;
  display: -webkit-inline-flex;
  display: -ms-inline-flexbox;
  display: inline-flex;
  -webkit-align-items: center;
  -webkit-box-align: center;
  -ms-flex-align: center;
  align-items: center;
}

<div
  class="c0"
  display="inline-flex"
>
  Address
  <div
    class="c1"
  />
  <div
    class="c2"
    display="inline-flex"
  >
    <svg
      color="var(--wave-s-color-foreground-primary)"
      fill="none"
      height="20"
      viewBox="0 0 20 20"
      width="20"
    >
      <path
        d="M10 15.8334L7.83494 13.3334L5.66987 10.8334L10 10.8334L14.3301 10.8334L12.1651 13.3334L10 15.8334Z"
        fill="var(--wave-s-color-foreground-disabled)"
      />
      <path
        d="M10 4.16663L7.83494 6.66663L5.66987 9.16663L10 9.16663L14.3301 9.16663L12.1651 6.66663L10 4.16663Z"
        fill="currentColor"
      />
    </svg>
  </div>
</div>
`;

exports[`TableSortableHeaderCell should indicate the DESC direction 1`] = `
.c0 {
  display: -webkit-inline-box;
  display: -webkit-inline-flex;
  display: -ms-inline-flexbox;
  display: inline-flex;
  -webkit-align-items: center;
  -webkit-box-align: center;
  -ms-flex-align: center;
  align-items: center;
}

.c1 {
  margin-right: 0.25rem;
}

.c2 {
  -webkit-flex-shrink: 0;
  -ms-flex-negative: 0;
  flex-shrink: 0;
  display: -webkit-inline-box;
  display: -webkit-inline-flex;
  display: -ms-inline-flexbox;
  display: inline-flex;
  -webkit-align-items: center;
  -webkit-box-align: center;
  -ms-flex-align: center;
  align-items: center;
}

<div
  class="c0"
  display="inline-flex"
>
  Address
  <div
    class="c1"
  />
  <div
    class="c2"
    display="inline-flex"
  >
    <svg
      color="var(--wave-s-color-foreground-primary)"
      fill="none"
      height="20"
      viewBox="0 0 20 20"
      width="20"
    >
      <path
        d="M10 15.8334L7.83494 13.3334L5.66987 10.8334L10 10.8334L14.3301 10.8334L12.1651 13.3334L10 15.8334Z"
        fill="currentColor"
      />
      <path
        d="M10 4.16663L7.83494 6.66663L5.66987 9.16663L10 9.16663L14.3301 9.16663L12.1651 6.66663L10 4.16663Z"
        fill="var(--wave-s-color-foreground-disabled)"
      />
    </svg>
  </div>
</div>
`;
