// Jest Snapshot v1, https://goo.gl/fbAQLP

exports[`InlineSpinner renders in a custom color 1`] = `
.c0 {
  display: inline-block;
  box-sizing: border-box;
  width: 1.25rem;
  height: 1.25rem;
  vertical-align: text-bottom;
  border: 0.125rem solid;
  border-right-color: transparent;
  border-radius: 50%;
  -webkit-animation: wdnds 750ms linear infinite;
  animation: wdnds 750ms linear infinite;
}

<span>
  <div
    class="c0"
  />
</span>
`;

exports[`InlineSpinner renders the default variant 1`] = `
.c0 {
  display: inline-block;
  box-sizing: border-box;
  width: 1.25rem;
  height: 1.25rem;
  vertical-align: text-bottom;
  border: 0.125rem solid;
  border-right-color: transparent;
  border-radius: 50%;
  -webkit-animation: wdnds 750ms linear infinite;
  animation: wdnds 750ms linear infinite;
}

<span>
  <div
    class="c0"
  />
</span>
`;

exports[`InlineSpinner renders the small size 1`] = `
.c0 {
  display: inline-block;
  box-sizing: border-box;
  width: 1.25rem;
  height: 1.25rem;
  vertical-align: text-bottom;
  border: 0.125rem solid;
  border-right-color: transparent;
  border-radius: 50%;
  -webkit-animation: wdnds 750ms linear infinite;
  animation: wdnds 750ms linear infinite;
}

<span>
  <div
    class="c0"
  />
</span>
`;
